// Jest Snapshot v1, https://goo.gl/fbAQLP

exports[`Pruebas en componente <GifItem/> Debe hacer match con el snapshot 1`] = `
<div>
  <div
    class="card"
  >
    <img
      alt="Aegon Targaryen"
      src="https://www.gameofthrones.com/jonsnow"
    />
    <p>
      Aegon Targaryen
    </p>
  </div>
</div>
`;
